offset 0x1f: validation error
offset 0x3e: validation error
offset 0x5f: validation error
offset 0x7e: validation error
offset 0x9d: validation error
offset 0xbe: validation error
offset 0xde: validation error
offset 0xe8: validation error
offset 0xff: validation error
offset 0x104: validation error
offset 0x10d: validation error
offset 0x111: validation error
offset 0x115: validation error
offset 0x119: validation error
offset 0x11d: validation error
offset 0x121: validation error
